Running gate checks (lint + unit tests + production build)...
bun run gate-check
$ bun run lint && bun run test && bun run build
$ eslint --report-unused-disable-directives-severity warn src/frontend/packages/{core,store,cloud-foundry,kubernetes,cf-autoscaler,git,shared,extension}/src/

/Users/norm/.config/superpowers/worktrees/cf-stratos/core-wave3-listinfra-consumers/src/frontend/packages/cf-autoscaler/src/features/edit-autoscaler-credential/edit-autoscaler-credential.component.html
  27:13  warning  A label component must be associated with a form element  @angular-eslint/template/label-has-associated-control
  31:13  warning  A label component must be associated with a form element  @angular-eslint/template/label-has-associated-control

/Users/norm/.config/superpowers/worktrees/cf-stratos/core-wave3-listinfra-consumers/src/frontend/packages/cf-autoscaler/src/features/edit-autoscaler-policy/edit-autoscaler-policy-step1/edit-autoscaler-policy-step1.component.ts
   4:10  warning  'ActivatedRoute' is defined but never used. Allowed unused vars must match /^_/u               @typescript-eslint/no-unused-vars
  14:10  warning  'EditAutoscalerPolicyService' is defined but never used. Allowed unused vars must match /^_/u  @typescript-eslint/no-unused-vars

/Users/norm/.config/superpowers/worktrees/cf-stratos/core-wave3-listinfra-consumers/src/frontend/packages/cf-autoscaler/src/features/edit-autoscaler-policy/edit-autoscaler-policy-step2/edit-autoscaler-policy-step2.component.ts
   4:10  warning  'ActivatedRoute' is defined but never used. Allowed unused vars must match /^_/u               @typescript-eslint/no-unused-vars
  25:10  warning  'EditAutoscalerPolicyService' is defined but never used. Allowed unused vars must match /^_/u  @typescript-eslint/no-unused-vars

/Users/norm/.config/superpowers/worktrees/cf-stratos/core-wave3-listinfra-consumers/src/frontend/packages/cf-autoscaler/src/features/edit-autoscaler-policy/edit-autoscaler-policy-step3/edit-autoscaler-policy-step3.component.html
  48:31  warning  A label component must be associated with a form element  @angular-eslint/template/label-has-associated-control
  52:31  warning  A label component must be associated with a form element  @angular-eslint/template/label-has-associated-control
  72:31  warning  A label component must be associated with a form element  @angular-eslint/template/label-has-associated-control
  76:31  warning  A label component must be associated with a form element  @angular-eslint/template/label-has-associated-control

/Users/norm/.config/superpowers/worktrees/cf-stratos/core-wave3-listinfra-consumers/src/frontend/packages/cf-autoscaler/src/features/edit-autoscaler-policy/edit-autoscaler-policy-step3/edit-autoscaler-policy-step3.component.ts
   4:10  warning  'ActivatedRoute' is defined but never used. Allowed unused vars must match /^_/u               @typescript-eslint/no-unused-vars
  19:10  warning  'EditAutoscalerPolicyService' is defined but never used. Allowed unused vars must match /^_/u  @typescript-eslint/no-unused-vars

/Users/norm/.config/superpowers/worktrees/cf-stratos/core-wave3-listinfra-consumers/src/frontend/packages/cf-autoscaler/src/features/edit-autoscaler-policy/edit-autoscaler-policy-step4/edit-autoscaler-policy-step4.component.ts
   4:10  warning  'ActivatedRoute' is defined but never used. Allowed unused vars must match /^_/u               @typescript-eslint/no-unused-vars
  26:10  warning  'EditAutoscalerPolicyService' is defined but never used. Allowed unused vars must match /^_/u  @typescript-eslint/no-unused-vars

/Users/norm/.config/superpowers/worktrees/cf-stratos/core-wave3-listinfra-consumers/src/frontend/packages/cf-autoscaler/src/shared/list-types/app-autoscaler-metric-chart/app-autoscaler-metric-chart-card/combo-chart/combo-chart.component.ts
  30:13  warning  Output bindings, including aliases, should not be named as standard DOM events  @angular-eslint/no-output-native

/Users/norm/.config/superpowers/worktrees/cf-stratos/core-wave3-listinfra-consumers/src/frontend/packages/cf-autoscaler/src/shared/list-types/app-autoscaler-metric-chart/app-autoscaler-metric-chart-card/combo-chart/combo-series-vertical.component.ts
  77:13  warning  Output bindings, including aliases, should not be named as standard DOM events  @angular-eslint/no-output-native

/Users/norm/.config/superpowers/worktrees/cf-stratos/core-wave3-listinfra-consumers/src/frontend/packages/cf-autoscaler/src/store/autoscaler.effects.ts
  572:18  warning  Do not access Object.prototype method 'hasOwnProperty' from target object  no-prototype-builtins

/Users/norm/.config/superpowers/worktrees/cf-stratos/core-wave3-listinfra-consumers/src/frontend/packages/cloud-foundry/src/entity-relations/signal/signal-relation-fetcher.service.ts
  56:15  warning  Prefer using the inject() function over constructor parameter injection. Use Angular's migration schematic to automatically refactor: ng generate @angular/core:inject  @angular-eslint/prefer-inject

/Users/norm/.config/superpowers/worktrees/cf-stratos/core-wave3-listinfra-consumers/src/frontend/packages/cloud-foundry/src/features/applications/app-detail-data.service.ts
  456:7  warning  Unused eslint-disable directive (no problems were reported from 'no-console')

/Users/norm/.config/superpowers/worktrees/cf-stratos/core-wave3-listinfra-consumers/src/frontend/packages/cloud-foundry/src/features/applications/application-wall/application-wall.component.ts
  7:22  warning  'combineLatest' is defined but never used. Allowed unused vars must match /^_/u  @typescript-eslint/no-unused-vars

/Users/norm/.config/superpowers/worktrees/cf-stratos/core-wave3-listinfra-consumers/src/frontend/packages/cloud-foundry/src/features/applications/application.service.spec.ts
  31:10  warning  'makeEntityCatalogStub' is defined but never used. Allowed unused vars must match /^(describe|it|test|expect|beforeAll|afterAll|beforeEach|afterEach|vi|fixture|component|provideZonelessChangeDetection|_\w*)$/u  @typescript-eslint/no-unused-vars

/Users/norm/.config/superpowers/worktrees/cf-stratos/core-wave3-listinfra-consumers/src/frontend/packages/cloud-foundry/src/features/applications/application.service.ts
  19:45  warning  'UpdateExistingApplication' is defined but never used. Allowed unused vars must match /^_/u  @typescript-eslint/no-unused-vars

/Users/norm/.config/superpowers/worktrees/cf-stratos/core-wave3-listinfra-consumers/src/frontend/packages/cloud-foundry/src/features/applications/application/application-tabs-base/application-tabs-base.component.ts
  45:10  warning  'AppApplicationActionsService' is defined but never used. Allowed unused vars must match /^_/u  @typescript-eslint/no-unused-vars

/Users/norm/.config/superpowers/worktrees/cf-stratos/core-wave3-listinfra-consumers/src/frontend/packages/cloud-foundry/src/features/applications/application/application-tabs-base/tabs/instances-tab/instances-tab.component.spec.ts
  6:3  warning  'Signal' is defined but never used. Allowed unused vars must match /^(describe|it|test|expect|beforeAll|afterAll|beforeEach|afterEach|vi|fixture|component|provideZonelessChangeDetection|_\w*)$/u  @typescript-eslint/no-unused-vars

/Users/norm/.config/superpowers/worktrees/cf-stratos/core-wave3-listinfra-consumers/src/frontend/packages/cloud-foundry/src/features/applications/deploy-application/deploy-application-options-step/deploy-application-options-step.component.html
  34:11  warning  A label component must be associated with a form element  @angular-eslint/template/label-has-associated-control
  38:11  warning  A label component must be associated with a form element  @angular-eslint/template/label-has-associated-control
  68:11  warning  A label component must be associated with a form element  @angular-eslint/template/label-has-associated-control

/Users/norm/.config/superpowers/worktrees/cf-stratos/core-wave3-listinfra-consumers/src/frontend/packages/cloud-foundry/src/features/applications/deploy-application/deploy-application.component.spec.ts
  101:5  warning  Unused eslint-disable directive (no problems were reported from '@typescript-eslint/no-explicit-any')
  104:5  warning  Unused eslint-disable directive (no problems were reported from '@typescript-eslint/no-explicit-any')

/Users/norm/.config/superpowers/worktrees/cf-stratos/core-wave3-listinfra-consumers/src/frontend/packages/cloud-foundry/src/features/applications/edit-application/edit-application.component.ts
  127:9  warning  Unused eslint-disable directive (no problems were reported from '@typescript-eslint/no-unused-expressions')

/Users/norm/.config/superpowers/worktrees/cf-stratos/core-wave3-listinfra-consumers/src/frontend/packages/cloud-foundry/src/features/cf/add-quota/create-quota-step/create-quota-step.component.ts
  7:28  warning  'StepOnNextFunction' is defined but never used. Allowed unused vars must match /^_/u  @typescript-eslint/no-unused-vars

/Users/norm/.config/superpowers/worktrees/cf-stratos/core-wave3-listinfra-consumers/src/frontend/packages/cloud-foundry/src/features/cf/add-space-quota/create-space-quota-step/create-space-quota-step.component.ts
  6:28  warning  'StepOnNextFunction' is defined but never used. Allowed unused vars must match /^_/u  @typescript-eslint/no-unused-vars

/Users/norm/.config/superpowers/worktrees/cf-stratos/core-wave3-listinfra-consumers/src/frontend/packages/cloud-foundry/src/features/cf/add-space/create-space-step/create-space-step.component.ts
  4:10  warning  'AbstractControl' is defined but never used. Allowed unused vars must match /^_/u  @typescript-eslint/no-unused-vars
  4:48  warning  'ValidatorFn' is defined but never used. Allowed unused vars must match /^_/u      @typescript-eslint/no-unused-vars

/Users/norm/.config/superpowers/worktrees/cf-stratos/core-wave3-listinfra-consumers/src/frontend/packages/cloud-foundry/src/features/cf/edit-quota/edit-quota-step/edit-quota-step.component.ts
  8:45  warning  'StepOnNextFunction' is defined but never used. Allowed unused vars must match /^_/u  @typescript-eslint/no-unused-vars

/Users/norm/.config/superpowers/worktrees/cf-stratos/core-wave3-listinfra-consumers/src/frontend/packages/cloud-foundry/src/features/cf/edit-space-quota/edit-space-quota-step/edit-space-quota-step.component.ts
  7:45  warning  'StepOnNextFunction' is defined but never used. Allowed unused vars must match /^_/u  @typescript-eslint/no-unused-vars

/Users/norm/.config/superpowers/worktrees/cf-stratos/core-wave3-listinfra-consumers/src/frontend/packages/cloud-foundry/src/features/cf/tabs/cf-organizations/cf-organization-spaces/tabs/cloud-foundry-space-routes/cloud-foundry-space-routes-signal.component.ts
  93:11  warning  'orgGuid' is assigned a value but never used. Allowed unused vars must match /^_/u  @typescript-eslint/no-unused-vars

/Users/norm/.config/superpowers/worktrees/cf-stratos/core-wave3-listinfra-consumers/src/frontend/packages/cloud-foundry/src/features/cf/tabs/cf-organizations/cloud-foundry-organizations-signal.component.ts
  14:3  warning  'SignalListColumn' is defined but never used. Allowed unused vars must match /^_/u  @typescript-eslint/no-unused-vars

/Users/norm/.config/superpowers/worktrees/cf-stratos/core-wave3-listinfra-consumers/src/frontend/packages/cloud-foundry/src/features/cf/users/invite-users/invite-users-create/invite-users-create.component.html
  16:11  warning  A label component must be associated with a form element  @angular-eslint/template/label-has-associated-control

/Users/norm/.config/superpowers/worktrees/cf-stratos/core-wave3-listinfra-consumers/src/frontend/packages/cloud-foundry/src/features/cf/users/manage-users/manage-users-set-usernames/manage-users-set-usernames.component.html
  5:9  warning  A label component must be associated with a form element  @angular-eslint/template/label-has-associated-control
  9:9  warning  A label component must be associated with a form element  @angular-eslint/template/label-has-associated-control

/Users/norm/.config/superpowers/worktrees/cf-stratos/core-wave3-listinfra-consumers/src/frontend/packages/cloud-foundry/src/features/service-catalog/service-instances/service-instances.component.html
  1:19  warning  Use built-in control flow instead of directive ngIf  @angular-eslint/template/prefer-control-flow

/Users/norm/.config/superpowers/worktrees/cf-stratos/core-wave3-listinfra-consumers/src/frontend/packages/cloud-foundry/src/features/service-catalog/service-plans/service-plans.component.html
  1:19  warning  Use built-in control flow instead of directive ngIf  @angular-eslint/template/prefer-control-flow

/Users/norm/.config/superpowers/worktrees/cf-stratos/core-wave3-listinfra-consumers/src/frontend/packages/cloud-foundry/src/services/async-jobs/write-with-job.ts
  120:14  warning  'err' is defined but never used. Allowed unused caught errors must match /^_/u  @typescript-eslint/no-unused-vars

/Users/norm/.config/superpowers/worktrees/cf-stratos/core-wave3-listinfra-consumers/src/frontend/packages/cloud-foundry/src/services/endpoint-data/endpoint-data.registry.spec.ts
  2:10  warning  'HttpClient' is defined but never used. Allowed unused vars must match /^(describe|it|test|expect|beforeAll|afterAll|beforeEach|afterEach|vi|fixture|component|provideZonelessChangeDetection|_\w*)$/u  @typescript-eslint/no-unused-vars

/Users/norm/.config/superpowers/worktrees/cf-stratos/core-wave3-listinfra-consumers/src/frontend/packages/cloud-foundry/src/services/endpoint-data/stratos-types.ts
  452:18  warning  An interface declaring no members is equivalent to its supertype  @typescript-eslint/no-empty-object-type

/Users/norm/.config/superpowers/worktrees/cf-stratos/core-wave3-listinfra-consumers/src/frontend/packages/cloud-foundry/src/shared/components/add-service-instance/csi-mode.service.ts
  4:51  warning  'of' is defined but never used. Allowed unused vars must match /^_/u          @typescript-eslint/no-unused-vars
  5:10  warning  'catchError' is defined but never used. Allowed unused vars must match /^_/u  @typescript-eslint/no-unused-vars
  5:22  warning  'map' is defined but never used. Allowed unused vars must match /^_/u         @typescript-eslint/no-unused-vars

/Users/norm/.config/superpowers/worktrees/cf-stratos/core-wave3-listinfra-consumers/src/frontend/packages/cloud-foundry/src/shared/components/add-service-instance/specify-details-step/specify-details-step.component.html
  6:11  warning  A label component must be associated with a form element  @angular-eslint/template/label-has-associated-control

/Users/norm/.config/superpowers/worktrees/cf-stratos/core-wave3-listinfra-consumers/src/frontend/packages/cloud-foundry/src/shared/components/add-service-instance/specify-user-provided-details/specify-user-provided-details.component.html
  5:9  warning  A label component must be associated with a form element  @angular-eslint/template/label-has-associated-control

/Users/norm/.config/superpowers/worktrees/cf-stratos/core-wave3-listinfra-consumers/src/frontend/packages/cloud-foundry/src/shared/components/app-lifecycle-progress/app-lifecycle-progress.component.spec.ts
  2:50  warning  'computed' is defined but never used. Allowed unused vars must match /^(describe|it|test|expect|beforeAll|afterAll|beforeEach|afterEach|vi|fixture|component|provideZonelessChangeDetection|_\w*)$/u  @typescript-eslint/no-unused-vars

/Users/norm/.config/superpowers/worktrees/cf-stratos/core-wave3-listinfra-consumers/src/frontend/packages/cloud-foundry/src/shared/components/application-action-bar/application-action-bar.component.spec.ts
   6:27  warning  'Portal' is defined but never used. Allowed unused vars must match /^(describe|it|test|expect|beforeAll|afterAll|beforeEach|afterEach|vi|fixture|component|provideZonelessChangeDetection|_\w*)$/u  @typescript-eslint/no-unused-vars
  46:15  warning  Prefer using the inject() function over constructor parameter injection. Use Angular's migration schematic to automatically refactor: ng generate @angular/core:inject                              @angular-eslint/prefer-inject
  40:22  warning  Use built-in control flow instead of directive ngIf                                                                                                                                                 @angular-eslint/template/prefer-control-flow

/Users/norm/.config/superpowers/worktrees/cf-stratos/core-wave3-listinfra-consumers/src/frontend/packages/cloud-foundry/src/shared/components/list/list-types/app/cf-apps-signal-config.service.ts
  140:15  warning  Prefer using the inject() function over constructor parameter injection. Use Angular's migration schematic to automatically refactor: ng generate @angular/core:inject  @angular-eslint/prefer-inject
  468:7   warning  Unused eslint-disable directive (no problems were reported from 'no-constant-condition')

/Users/norm/.config/superpowers/worktrees/cf-stratos/core-wave3-listinfra-consumers/src/frontend/packages/cloud-foundry/src/shared/components/list/list-types/cf-users/cf-org-permission-cell/cf-org-permission-cell.component.ts
  37:11  warning  'cfUserService' is assigned a value but never used. Allowed unused vars must match /^_/u  @typescript-eslint/no-unused-vars
  38:11  warning  'confirmDialog' is assigned a value but never used. Allowed unused vars must match /^_/u  @typescript-eslint/no-unused-vars

/Users/norm/.config/superpowers/worktrees/cf-stratos/core-wave3-listinfra-consumers/src/frontend/packages/cloud-foundry/src/shared/components/list/list-types/cf-users/cf-space-permission-cell/cf-space-permission-cell.component.ts
  46:11  warning  'cfUserService' is assigned a value but never used. Allowed unused vars must match /^_/u  @typescript-eslint/no-unused-vars
  47:11  warning  'confirmDialog' is assigned a value but never used. Allowed unused vars must match /^_/u  @typescript-eslint/no-unused-vars

/Users/norm/.config/superpowers/worktrees/cf-stratos/core-wave3-listinfra-consumers/src/frontend/packages/cloud-foundry/src/shared/components/list/list-types/github-commits/github-commits-list-config-app-tab.service.ts
  37:11  warning  'store' is assigned a value but never used. Allowed unused vars must match /^_/u  @typescript-eslint/no-unused-vars

/Users/norm/.config/superpowers/worktrees/cf-stratos/core-wave3-listinfra-consumers/src/frontend/packages/cloud-foundry/src/shared/components/list/list-types/github-commits/github-commits-list-config-deploy.service.ts
  18:11  warning  'store' is assigned a value but never used. Allowed unused vars must match /^_/u  @typescript-eslint/no-unused-vars

/Users/norm/.config/superpowers/worktrees/cf-stratos/core-wave3-listinfra-consumers/src/frontend/packages/cloud-foundry/src/shared/components/schema-form/schema-form.component.html
   6:7  warning  A label component must be associated with a form element  @angular-eslint/template/label-has-associated-control
  10:7  warning  A label component must be associated with a form element  @angular-eslint/template/label-has-associated-control

/Users/norm/.config/superpowers/worktrees/cf-stratos/core-wave3-listinfra-consumers/src/frontend/packages/cloud-foundry/src/shared/directives/cf-user-permission/cf-user-permission.directive.spec.ts
  13:3  warning  Components, Directives and Pipes should not opt out of standalone. Following this guide is highly recommended: https://angular.dev/reference/migrations/standalone  @angular-eslint/prefer-standalone

/Users/norm/.config/superpowers/worktrees/cf-stratos/core-wave3-listinfra-consumers/src/frontend/packages/cloud-foundry/src/shared/services/app-route-actions.service.spec.ts
  1:22  warning  'HttpResponse' is defined but never used. Allowed unused vars must match /^(describe|it|test|expect|beforeAll|afterAll|beforeEach|afterEach|vi|fixture|component|provideZonelessChangeDetection|_\w*)$/u  @typescript-eslint/no-unused-vars

/Users/norm/.config/superpowers/worktrees/cf-stratos/core-wave3-listinfra-consumers/src/frontend/packages/cloud-foundry/src/store/types/cf-api.types.ts
  14:32  warning  'T' is defined but never used. Allowed unused vars must match /^_/u  @typescript-eslint/no-unused-vars
  29:18  warning  An interface declaring no members is equivalent to its supertype     @typescript-eslint/no-empty-object-type

/Users/norm/.config/superpowers/worktrees/cf-stratos/core-wave3-listinfra-consumers/src/frontend/packages/core/src/app.component.ts
  19:3  warning  Components, Directives and Pipes should not opt out of standalone. Following this guide is highly recommended: https://angular.dev/reference/migrations/standalone  @angular-eslint/prefer-standalone

/Users/norm/.config/superpowers/worktrees/cf-stratos/core-wave3-listinfra-consumers/src/frontend/packages/core/src/core/button-blur-on-click.directive.spec.ts
  9:3  warning  Components, Directives and Pipes should not opt out of standalone. Following this guide is highly recommended: https://angular.dev/reference/migrations/standalone  @angular-eslint/prefer-standalone

/Users/norm/.config/superpowers/worktrees/cf-stratos/core-wave3-listinfra-consumers/src/frontend/packages/core/src/features/dashboard/side-nav/side-nav.component.html
  39:7  warning  A label component must be associated with a form element  @angular-eslint/template/label-has-associated-control

/Users/norm/.config/superpowers/worktrees/cf-stratos/core-wave3-listinfra-consumers/src/frontend/packages/core/src/features/endpoints/backup-restore/restore-endpoints/restore-endpoints.component.html
  32:21  warning  A label component must be associated with a form element  @angular-eslint/template/label-has-associated-control

/Users/norm/.config/superpowers/worktrees/cf-stratos/core-wave3-listinfra-consumers/src/frontend/packages/core/src/features/endpoints/connect-endpoint-dialog/auth-forms/none-auth-form.component.ts
  9:18  warning  An empty interface declaration allows any non-nullish value, including literals like `0` and `""`.
- If that's what you want, disable this lint rule with an inline comment or configure the 'allowInterfaces' rule option.
- If you want a type meaning "any object", you probably want `object` instead.
- If you want a type meaning "any value", you probably want `unknown` instead  @typescript-eslint/no-empty-object-type

/Users/norm/.config/superpowers/worktrees/cf-stratos/core-wave3-listinfra-consumers/src/frontend/packages/core/src/features/endpoints/connect-endpoint-dialog/auth-forms/sso-auth-form.component.ts
  7:11  warning  An empty interface declaration allows any non-nullish value, including literals like `0` and `""`.
- If that's what you want, disable this lint rule with an inline comment or configure the 'allowInterfaces' rule option.
- If you want a type meaning "any object", you probably want `object` instead.
- If you want a type meaning "any value", you probably want `unknown` instead  @typescript-eslint/no-empty-object-type

/Users/norm/.config/superpowers/worktrees/cf-stratos/core-wave3-listinfra-consumers/src/frontend/packages/core/src/features/setup/uaa-wizard/console-uaa-wizard.component.html
  19:13  warning  A label component must be associated with a form element  @angular-eslint/template/label-has-associated-control
  71:15  warning  A label component must be associated with a form element  @angular-eslint/template/label-has-associated-control

/Users/norm/.config/superpowers/worktrees/cf-stratos/core-wave3-listinfra-consumers/src/frontend/packages/core/src/shared/components/custom-button-toggle/custom-button-toggle.component.ts
  23:13  warning  Output bindings, including aliases, should not be named as standard DOM events  @angular-eslint/no-output-native
  53:13  warning  Output bindings, including aliases, should not be named as standard DOM events  @angular-eslint/no-output-native

/Users/norm/.config/superpowers/worktrees/cf-stratos/core-wave3-listinfra-consumers/src/frontend/packages/core/src/shared/components/custom-checkbox/custom-checkbox.component.ts
  38:13  warning  Output bindings, including aliases, should not be named as standard DOM events  @angular-eslint/no-output-native

/Users/norm/.config/superpowers/worktrees/cf-stratos/core-wave3-listinfra-consumers/src/frontend/packages/core/src/shared/components/custom-slide-toggle/custom-slide-toggle.component.html
  9:5  warning  A label component must be associated with a form element  @angular-eslint/template/label-has-associated-control

/Users/norm/.config/superpowers/worktrees/cf-stratos/core-wave3-listinfra-consumers/src/frontend/packages/core/src/shared/components/custom-slide-toggle/custom-slide-toggle.component.ts
  39:13  warning  Output bindings, including aliases, should not be named as standard DOM events  @angular-eslint/no-output-native

/Users/norm/.config/superpowers/worktrees/cf-stratos/core-wave3-listinfra-consumers/src/frontend/packages/core/src/shared/components/custom-tooltip/custom-tooltip.directive.ts
  13:10  warning  Input bindings should not be aliased (https://angular.dev/guide/components/inputs#choosing-input-names)  @angular-eslint/no-input-rename

/Users/norm/.config/superpowers/worktrees/cf-stratos/core-wave3-listinfra-consumers/src/frontend/packages/core/src/shared/components/file-input/file-input.component.ts
  27:13  warning  Output bindings, including aliases, should not be named "on", nor prefixed with it (https://angular.dev/guide/components/outputs#choosing-event-names)  @angular-eslint/no-output-on-prefix
  28:13  warning  Output bindings, including aliases, should not be named "on", nor prefixed with it (https://angular.dev/guide/components/outputs#choosing-event-names)  @angular-eslint/no-output-on-prefix

/Users/norm/.config/superpowers/worktrees/cf-stratos/core-wave3-listinfra-consumers/src/frontend/packages/core/src/shared/components/list-sub-nav/list-sub-nav.component.spec.ts
  5:31  warning  'ListSubNavAddAction' is defined but never used. Allowed unused vars must match /^(describe|it|test|expect|beforeAll|afterAll|beforeEach|afterEach|vi|fixture|component|provideZonelessChangeDetection|_\w*)$/u  @typescript-eslint/no-unused-vars

/Users/norm/.config/superpowers/worktrees/cf-stratos/core-wave3-listinfra-consumers/src/frontend/packages/core/src/shared/components/list/list-cards/meta-card/meta-card-base/meta-card.component.spec.ts
  24:3  warning  Components, Directives and Pipes should not opt out of standalone. Following this guide is highly recommended: https://angular.dev/reference/migrations/standalone  @angular-eslint/prefer-standalone

/Users/norm/.config/superpowers/worktrees/cf-stratos/core-wave3-listinfra-consumers/src/frontend/packages/core/src/shared/components/list/list-table/table-cell-config-flow.integration.spec.ts
   58:7  warning  Components, Directives and Pipes should not opt out of standalone. Following this guide is highly recommended: https://angular.dev/reference/migrations/standalone  @angular-eslint/prefer-standalone
  188:7  warning  Components, Directives and Pipes should not opt out of standalone. Following this guide is highly recommended: https://angular.dev/reference/migrations/standalone  @angular-eslint/prefer-standalone
  299:7  warning  Components, Directives and Pipes should not opt out of standalone. Following this guide is highly recommended: https://angular.dev/reference/migrations/standalone  @angular-eslint/prefer-standalone
  454:7  warning  Components, Directives and Pipes should not opt out of standalone. Following this guide is highly recommended: https://angular.dev/reference/migrations/standalone  @angular-eslint/prefer-standalone
  574:7  warning  Components, Directives and Pipes should not opt out of standalone. Following this guide is highly recommended: https://angular.dev/reference/migrations/standalone  @angular-eslint/prefer-standalone

/Users/norm/.config/superpowers/worktrees/cf-stratos/core-wave3-listinfra-consumers/src/frontend/packages/core/src/shared/components/list/list-table/table-cell-status.directive.spec.ts
  8:3  warning  Components, Directives and Pipes should not opt out of standalone. Following this guide is highly recommended: https://angular.dev/reference/migrations/standalone  @angular-eslint/prefer-standalone

/Users/norm/.config/superpowers/worktrees/cf-stratos/core-wave3-listinfra-consumers/src/frontend/packages/core/src/shared/components/list/list-table/table-loading.spec.ts
  23:5  warning  Components, Directives and Pipes should not opt out of standalone. Following this guide is highly recommended: https://angular.dev/reference/migrations/standalone  @angular-eslint/prefer-standalone

/Users/norm/.config/superpowers/worktrees/cf-stratos/core-wave3-listinfra-consumers/src/frontend/packages/core/src/shared/components/list/list-table/table-row/table-row.component.spec.ts
  19:5  warning  Components, Directives and Pipes should not opt out of standalone. Following this guide is highly recommended: https://angular.dev/reference/migrations/standalone  @angular-eslint/prefer-standalone

/Users/norm/.config/superpowers/worktrees/cf-stratos/core-wave3-listinfra-consumers/src/frontend/packages/core/src/shared/components/list/list-table/table.component.spec.ts
  34:5  warning  Components, Directives and Pipes should not opt out of standalone. Following this guide is highly recommended: https://angular.dev/reference/migrations/standalone  @angular-eslint/prefer-standalone

/Users/norm/.config/superpowers/worktrees/cf-stratos/core-wave3-listinfra-consumers/src/frontend/packages/core/src/shared/components/list/list.component.types.ts
  211:34  warning  'T' is defined but never used. Allowed unused vars must match /^_/u  @typescript-eslint/no-unused-vars

/Users/norm/.config/superpowers/worktrees/cf-stratos/core-wave3-listinfra-consumers/src/frontend/packages/core/src/shared/components/markdown-preview/markdown-preview.component.ts
  31:10  warning  Input bindings should not be aliased (https://angular.dev/guide/components/inputs#choosing-input-names)  @angular-eslint/no-input-rename

/Users/norm/.config/superpowers/worktrees/cf-stratos/core-wave3-listinfra-consumers/src/frontend/packages/core/src/shared/components/monaco-editor/monaco-editor.component.ts
  53:13  warning  Output bindings, including aliases, should not be named "on", nor prefixed with it (https://angular.dev/guide/components/outputs#choosing-event-names)  @angular-eslint/no-output-on-prefix

/Users/norm/.config/superpowers/worktrees/cf-stratos/core-wave3-listinfra-consumers/src/frontend/packages/core/src/shared/components/signal-list/signal-list.component.html
    8:9   warning  A label component must be associated with a form element                                @angular-eslint/template/label-has-associated-control
  190:29  warning  click must be accompanied by either keyup, keydown or keypress event for accessibility  @angular-eslint/template/click-events-have-key-events
  190:29  warning  Elements with interaction handlers must be focusable                                    @angular-eslint/template/interactive-supports-focus
  398:25  warning  click must be accompanied by either keyup, keydown or keypress event for accessibility  @angular-eslint/template/click-events-have-key-events
  398:25  warning  Elements with interaction handlers must be focusable                                    @angular-eslint/template/interactive-supports-focus

/Users/norm/.config/superpowers/worktrees/cf-stratos/core-wave3-listinfra-consumers/src/frontend/packages/core/src/shared/components/stepper/step/step.component.ts
  102:13  warning  Output bindings, including aliases, should not be named "on", nor prefixed with it (https://angular.dev/guide/components/outputs#choosing-event-names)  @angular-eslint/no-output-on-prefix
  134:13  warning  Output bindings, including aliases, should not be named "on", nor prefixed with it (https://angular.dev/guide/components/outputs#choosing-event-names)  @angular-eslint/no-output-on-prefix
  156:13  warning  Output bindings, including aliases, should not be named "on", nor prefixed with it (https://angular.dev/guide/components/outputs#choosing-event-names)  @angular-eslint/no-output-on-prefix
  200:13  warning  Output bindings, including aliases, should not be named "on", nor prefixed with it (https://angular.dev/guide/components/outputs#choosing-event-names)  @angular-eslint/no-output-on-prefix

/Users/norm/.config/superpowers/worktrees/cf-stratos/core-wave3-listinfra-consumers/src/frontend/packages/core/src/shared/components/tailwind-json-schema-form/tailwind-json-schema-form.component.ts
  28:13  warning  Output bindings, including aliases, should not be named "on", nor prefixed with it (https://angular.dev/guide/components/outputs#choosing-event-names)  @angular-eslint/no-output-on-prefix

/Users/norm/.config/superpowers/worktrees/cf-stratos/core-wave3-listinfra-consumers/src/frontend/packages/core/src/shared/components/unlimited-input/unlimited-input.component.spec.ts
  11:3  warning  Components, Directives and Pipes should not opt out of standalone. Following this guide is highly recommended: https://angular.dev/reference/migrations/standalone  @angular-eslint/prefer-standalone

/Users/norm/.config/superpowers/worktrees/cf-stratos/core-wave3-listinfra-consumers/src/frontend/packages/core/src/shared/services/tailwind-json-schema-form.service.ts
  36:13  warning  Output bindings, including aliases, should not be named "on", nor prefixed with it (https://angular.dev/guide/components/outputs#choosing-event-names)  @angular-eslint/no-output-on-prefix
  37:13  warning  Output bindings, including aliases, should not be named "on", nor prefixed with it (https://angular.dev/guide/components/outputs#choosing-event-names)  @angular-eslint/no-output-on-prefix

/Users/norm/.config/superpowers/worktrees/cf-stratos/core-wave3-listinfra-consumers/src/frontend/packages/core/src/shared/services/tailwind-snackbar.service.ts
  10:38  warning  'T' is defined but never used. Allowed unused vars must match /^_/u  @typescript-eslint/no-unused-vars

/Users/norm/.config/superpowers/worktrees/cf-stratos/core-wave3-listinfra-consumers/src/frontend/packages/core/src/shared/user-permission.directive.spec.ts
  20:3  warning  Components, Directives and Pipes should not opt out of standalone. Following this guide is highly recommended: https://angular.dev/reference/migrations/standalone  @angular-eslint/prefer-standalone

/Users/norm/.config/superpowers/worktrees/cf-stratos/core-wave3-listinfra-consumers/src/frontend/packages/core/src/shared/validators/validation.types.ts
  50:44  warning  'T' is defined but never used. Allowed unused vars must match /^_/u  @typescript-eslint/no-unused-vars

/Users/norm/.config/superpowers/worktrees/cf-stratos/core-wave3-listinfra-consumers/src/frontend/packages/git/src/shared/components/git-registration/git-registration.component.html
  15:17  warning  A label component must be associated with a form element  @angular-eslint/template/label-has-associated-control
  77:19  warning  A label component must be associated with a form element  @angular-eslint/template/label-has-associated-control
  85:17  warning  A label component must be associated with a form element  @angular-eslint/template/label-has-associated-control

/Users/norm/.config/superpowers/worktrees/cf-stratos/core-wave3-listinfra-consumers/src/frontend/packages/git/src/shared/components/git-registration/git-registration.component.ts
  62:3  warning  Duplicate enum member value githubdotcom      @typescript-eslint/no-duplicate-enum-values
  63:3  warning  Duplicate enum member value githubenterprize  @typescript-eslint/no-duplicate-enum-values

/Users/norm/.config/superpowers/worktrees/cf-stratos/core-wave3-listinfra-consumers/src/frontend/packages/kubernetes/src/kubernetes/kubernetes-metric.types.ts
  39:18  warning  An interface declaring no members is equivalent to its supertype  @typescript-eslint/no-empty-object-type

/Users/norm/.config/superpowers/worktrees/cf-stratos/core-wave3-listinfra-consumers/src/frontend/packages/kubernetes/src/kubernetes/kubernetes-resource/kubernetes-resource-list/kubernetes-resource-list.component.ts
   6:3  warning  'Signal' is defined but never used. Allowed unused vars must match /^_/u    @typescript-eslint/no-unused-vars
  10:3  warning  'computed' is defined but never used. Allowed unused vars must match /^_/u  @typescript-eslint/no-unused-vars

/Users/norm/.config/superpowers/worktrees/cf-stratos/core-wave3-listinfra-consumers/src/frontend/packages/kubernetes/src/kubernetes/list-types/kubernetes-endpoints/kubernetes-endpoints-legacy-config.factory.ts
  57:7  warning  'dataSource' is never reassigned. Use 'const' instead  prefer-const

/Users/norm/.config/superpowers/worktrees/cf-stratos/core-wave3-listinfra-consumers/src/frontend/packages/kubernetes/src/kubernetes/list-types/kubernetes-pods/kubernetes-pod-tags/kubernetes-pod-tags.component.ts
  15:41  warning  'T' is defined but never used. Allowed unused vars must match /^_/u        @typescript-eslint/no-unused-vars
  26:18  warning  Do not access Object.prototype method 'hasOwnProperty' from target object  no-prototype-builtins

/Users/norm/.config/superpowers/worktrees/cf-stratos/core-wave3-listinfra-consumers/src/frontend/packages/kubernetes/src/kubernetes/services/kubernetes-expanded-state.ts
  65:66  warning  Empty block statement  no-empty

/Users/norm/.config/superpowers/worktrees/cf-stratos/core-wave3-listinfra-consumers/src/frontend/packages/kubernetes/src/kubernetes/workloads/chart-values-editor/diffvalues.ts
  14:16  warning  Unexpected constant condition  no-constant-condition

/Users/norm/.config/superpowers/worktrees/cf-stratos/core-wave3-listinfra-consumers/src/frontend/packages/kubernetes/src/kubernetes/workloads/chart-values-editor/json-schema-generator.ts
  22:33  warning  The `Function` type accepts any function-like value.
Prefer explicitly defining any function parameters and return type  @typescript-eslint/no-unsafe-function-type

/Users/norm/.config/superpowers/worktrees/cf-stratos/core-wave3-listinfra-consumers/src/frontend/packages/kubernetes/src/kubernetes/workloads/create-release/create-release.component.html
  56:9  warning  A label component must be associated with a form element  @angular-eslint/template/label-has-associated-control

/Users/norm/.config/superpowers/worktrees/cf-stratos/core-wave3-listinfra-consumers/src/frontend/packages/kubernetes/src/kubernetes/workloads/release/helm-release-tab-base/helm-release-socket-service.ts
  118:15  warning  'action' is never reassigned. Use 'const' instead  prefer-const

/Users/norm/.config/superpowers/worktrees/cf-stratos/core-wave3-listinfra-consumers/src/frontend/packages/kubernetes/src/kubernetes/workloads/upgrade-release/upgrade-release.component.spec.ts
  110:5  warning  Unused eslint-disable directive (no problems were reported from '@typescript-eslint/no-explicit-any')

/Users/norm/.config/superpowers/worktrees/cf-stratos/core-wave3-listinfra-consumers/src/frontend/packages/kubernetes/src/services/endpoint-data/kube-helm-data.service.ts
  1:41  warning  'HttpHeaders' is defined but never used. Allowed unused vars must match /^_/u  @typescript-eslint/no-unused-vars

/Users/norm/.config/superpowers/worktrees/cf-stratos/core-wave3-listinfra-consumers/src/frontend/packages/shared/src/components/stratos-title/stratos-title.component.ts
  6:3  warning  Components, Directives and Pipes should not opt out of standalone. Following this guide is highly recommended: https://angular.dev/reference/migrations/standalone  @angular-eslint/prefer-standalone

/Users/norm/.config/superpowers/worktrees/cf-stratos/core-wave3-listinfra-consumers/src/frontend/packages/store/src/effects/endpoint.effects.ts
  250:43  warning  Unnecessary escape character: \"  no-useless-escape
  250:81  warning  Unnecessary escape character: \"  no-useless-escape
  259:49  warning  Unnecessary escape character: \"  no-useless-escape
  259:87  warning  Unnecessary escape character: \"  no-useless-escape

/Users/norm/.config/superpowers/worktrees/cf-stratos/core-wave3-listinfra-consumers/src/frontend/packages/store/src/effects/uaa-setup.effects.ts
  75:22  warning  Empty block statement  no-empty

/Users/norm/.config/superpowers/worktrees/cf-stratos/core-wave3-listinfra-consumers/src/frontend/packages/store/src/entity-catalog/entity-catalog.types.ts
  189:18  warning  An interface declaring no members is equivalent to its supertype  @typescript-eslint/no-empty-object-type

/Users/norm/.config/superpowers/worktrees/cf-stratos/core-wave3-listinfra-consumers/src/frontend/packages/store/src/entity-request-pipeline/pipline-http-client.service.ts
  34:23  warning  'R' is defined but never used. Allowed unused vars must match /^_/u  @typescript-eslint/no-unused-vars

/Users/norm/.config/superpowers/worktrees/cf-stratos/core-wave3-listinfra-consumers/src/frontend/packages/store/src/helpers/local-storage-service.ts
  310:31  warning  The `{}` ("empty object") type allows any non-nullish value, including literals like `0` and `""`.
- If that's what you want, disable this lint rule with an inline comment or configure the 'allowObjectTypes' rule option.
- If you want a type meaning "any object", you probably want `object` instead.
- If you want a type meaning "any value", you probably want `unknown` instead  @typescript-eslint/no-empty-object-type

/Users/norm/.config/superpowers/worktrees/cf-stratos/core-wave3-listinfra-consumers/src/frontend/packages/store/src/reducers/internal-events.reducer.ts
  93:28  warning  Empty block statement  no-empty

/Users/norm/.config/superpowers/worktrees/cf-stratos/core-wave3-listinfra-consumers/src/frontend/packages/store/src/types/request.types.ts
  17:18  warning  Unsafe declaration merging between classes and interfaces  @typescript-eslint/no-unsafe-declaration-merging
  86:23  warning  Unsafe declaration merging between classes and interfaces  @typescript-eslint/no-unsafe-declaration-merging

✖ 145 problems (0 errors, 145 warnings)
  0 errors and 6 warnings potentially fixable with the `--fix` option.

$ node build/check-versions.cjs

[1mChecking development environment versions...[0m

[32m[1m✓[0m [32mNode.js v24.11.0 ✓[0m
[32m[1m✓[0m [32mBun 1.3.13 ✓[0m

[32m[1m✓[0m [32mAll version checks passed![0m

$ NODE_OPTIONS="--localstorage-file=/tmp/stratos-vitest-localstorage-$$" vitest run --dangerouslyIgnoreUnhandledErrors --project=core --project=store --project=cloud-foundry --project=kubernetes --project=cf-autoscaler --project=git --project=shared --project=extension

 RUN  v4.1.4 /Users/norm/.config/superpowers/worktrees/cf-stratos/core-wave3-listinfra-consumers

Error: socket hang up
    at Socket.socketCloseListener (node:_http_client:547:27)
    at Socket.emit (node:events:520:35)
    at TCP.<anonymous> (node:net:346:12) {
  code: 'ECONNRESET'
}
Error: socket hang up
    at Socket.socketCloseListener (node:_http_client:547:27)
    at Socket.emit (node:events:520:35)
    at TCP.<anonymous> (node:net:346:12) {
  code: 'ECONNRESET'
}
Error: socket hang up
    at Socket.socketCloseListener (node:_http_client:547:27)
    at Socket.emit (node:events:520:35)
    at TCP.<anonymous> (node:net:346:12) {
  code: 'ECONNRESET'
}
